// Jest Snapshot v1, https://goo.gl/fbAQLP

exports[`Selection render 1`] = `
.c2 {
  background-color: #e5f4e7;
  border-radius: 8px;
  cursor: pointer;
  display: block;
  font-size: 16px;
  margin-bottom: 5px;
  padding: 10px;
  width: 100%;
}

.c0 {
  -webkit-align-items: center;
  -webkit-box-align: center;
  -ms-flex-align: center;
  align-items: center;
  display: -webkit-box;
  display: -webkit-flex;
  display: -ms-flexbox;
  display: flex;
  height: 100%;
  -webkit-box-pack: center;
  -webkit-justify-content: center;
  -ms-flex-pack: center;
  justify-content: center;
  padding: 10px;
}

.c1 {
  color: #fff;
  margin: 0;
  margin-bottom: 10px;
}

<div>
  <div
    class="c0"
  >
    <div>
      <h1
        class="c1"
      >
        Select number of players
      </h1>
      <button
        class="c2"
      >
        2
         Players
      </button>
      <button
        class="c2"
      >
        3
         Players
      </button>
      <button
        class="c2"
      >
        4
         Players
      </button>
    </div>
  </div>
</div>
`;
